Component: ARM Compiler 5.05 update 1 (build 106) Tool: armlink [4d0efa]

==============================================================================

Section Cross References

    startup_stm32f072.o(RESET) refers to startup_stm32f072.o(STACK) for __initial_sp
    startup_stm32f072.o(RESET) refers to startup_stm32f072.o(.text) for Reset_Handler
    startup_stm32f072.o(RESET) refers to stm32f0xx_it.o(.text) for NMI_Handler
    startup_stm32f072.o(.text) refers to startup_stm32f072.o(STACK) for __initial_sp
    startup_stm32f072.o(.text) refers to system_stm32f0xx.o(.text) for SystemInit
    startup_stm32f072.o(.text) refers to entry.o(.ARM.Collect$$$$00000000) for __main
    stm32f0xx_gpio.o(.text) refers to stm32f0xx_rcc.o(.text) for RCC_AHBPeriphResetCmd
    stm32f0xx_rcc.o(.text) refers to uidiv.o(.text) for __aeabi_uidivmod
    stm32f0xx_rcc.o(.text) refers to stm32f0xx_rcc.o(.data) for APBAHBPrescTable
    main.o(.text) refers to system_stm32f0xx.o(.text) for SystemInit
    system_stm32f0xx.o(.text) refers to uidiv.o(.text) for __aeabi_uidivmod
    system_stm32f0xx.o(.text) refers to system_stm32f0xx.o(.data) for SystemCoreClock
    entry.o(.ARM.Collect$$$$00000000) refers (Special) to entry10a.o(.ARM.Collect$$$$0000000D) for __rt_final_cpp
    entry.o(.ARM.Collect$$$$00000000) refers (Special) to entry11a.o(.ARM.Collect$$$$0000000F) for __rt_final_exit
    entry.o(.ARM.Collect$$$$00000000) refers (Special) to entry7b.o(.ARM.Collect$$$$00000008) for _main_clock
    entry.o(.ARM.Collect$$$$00000000) refers (Special) to entry8b.o(.ARM.Collect$$$$0000000A) for _main_cpp_init
    entry.o(.ARM.Collect$$$$00000000) refers (Special) to entry9a.o(.ARM.Collect$$$$0000000B) for _main_init
    entry.o(.ARM.Collect$$$$00000000) refers (Special) to entry5.o(.ARM.Collect$$$$00000004) for _main_scatterload
    entry.o(.ARM.Collect$$$$00000000) refers (Special) to entry2.o(.ARM.Collect$$$$00000001) for _main_stk
    entry2.o(.ARM.Collect$$$$00000001) refers to entry2.o(.ARM.Collect$$$$00002712) for __lit__00000000
    entry2.o(.ARM.Collect$$$$00002712) refers to startup_stm32f072.o(STACK) for __initial_sp
    entry2.o(__vectab_stack_and_reset_area) refers to startup_stm32f072.o(STACK) for __initial_sp
    entry2.o(__vectab_stack_and_reset_area) refers to entry.o(.ARM.Collect$$$$00000000) for __main
    entry5.o(.ARM.Collect$$$$00000004) refers to init.o(.text) for __scatterload
    entry9a.o(.ARM.Collect$$$$0000000B) refers to main.o(.text) for main
    entry9b.o(.ARM.Collect$$$$0000000C) refers to main.o(.text) for main
    init.o(.text) refers to entry5.o(.ARM.Collect$$$$00000004) for __main_after_scatterload


==============================================================================

Removing Unused input sections from the image.

    Removing startup_stm32f072.o(HEAP), (512 bytes).
    Removing stm32f0xx_misc.o(.rev16_text), (4 bytes).
    Removing stm32f0xx_misc.o(.revsh_text), (4 bytes).
    Removing stm32f0xx_misc.o(.text), (180 bytes).
    Removing stm32f0xx_gpio.o(.rev16_text), (4 bytes).
    Removing stm32f0xx_gpio.o(.revsh_text), (4 bytes).
    Removing stm32f0xx_gpio.o(.text), (524 bytes).
    Removing stm32f0xx_rcc.o(.rev16_text), (4 bytes).
    Removing stm32f0xx_rcc.o(.revsh_text), (4 bytes).
    Removing stm32f0xx_rcc.o(.text), (1872 bytes).
    Removing stm32f0xx_rcc.o(.data), (16 bytes).
    Removing tm_stm32f0_gpio.o(.rev16_text), (4 bytes).
    Removing tm_stm32f0_gpio.o(.revsh_text), (4 bytes).
    Removing tm_stm32f0_gpio.o(.text), (612 bytes).
    Removing main.o(.rev16_text), (4 bytes).
    Removing main.o(.revsh_text), (4 bytes).
    Removing stm32f0xx_it.o(.rev16_text), (4 bytes).
    Removing stm32f0xx_it.o(.revsh_text), (4 bytes).
    Removing system_stm32f0xx.o(.rev16_text), (4 bytes).
    Removing system_stm32f0xx.o(.revsh_text), (4 bytes).

20 unused section(s) (total 3772 bytes) removed from the image.

==============================================================================

Image Symbol Table

    Local Symbols

    Symbol Name                              Value     Ov Type        Size  Object(Section)

    ../clib/microlib/division.c              0x00000000   Number         0  uidiv.o ABSOLUTE
    ../clib/microlib/init/entry.s            0x00000000   Number         0  entry10b.o ABSOLUTE
    ../clib/microlib/init/entry.s            0x00000000   Number         0  entry10a.o ABSOLUTE
    ../clib/microlib/init/entry.s            0x00000000   Number         0  entry9b.o ABSOLUTE
    ../clib/microlib/init/entry.s            0x00000000   Number         0  entry9a.o ABSOLUTE
    ../clib/microlib/init/entry.s            0x00000000   Number         0  entry8b.o ABSOLUTE
    ../clib/microlib/init/entry.s            0x00000000   Number         0  entry8a.o ABSOLUTE
    ../clib/microlib/init/entry.s            0x00000000   Number         0  entry7b.o ABSOLUTE
    ../clib/microlib/init/entry.s            0x00000000   Number         0  entry7a.o ABSOLUTE
    ../clib/microlib/init/entry.s            0x00000000   Number         0  entry.o ABSOLUTE
    ../clib/microlib/init/entry.s            0x00000000   Number         0  entry5.o ABSOLUTE
    ../clib/microlib/init/entry.s            0x00000000   Number         0  entry2.o ABSOLUTE
    ../clib/microlib/init/entry.s            0x00000000   Number         0  entry11a.o ABSOLUTE
    ../clib/microlib/init/entry.s            0x00000000   Number         0  entry11b.o ABSOLUTE
    ..\00-STM32F0xx_LIBRARIES\tm_stm32f0_delay.c 0x00000000   Number         0  tm_stm32f0_delay.o ABSOLUTE
    ..\00-STM32F0xx_LIBRARIES\tm_stm32f0_disco.c 0x00000000   Number         0  tm_stm32f0_disco.o ABSOLUTE
    ..\00-STM32F0xx_LIBRARIES\tm_stm32f0_gpio.c 0x00000000   Number         0  tm_stm32f0_gpio.o ABSOLUTE
    ..\00-STM32F0xx_STANDARD_PERIPHERAL_DRIVERS\CMSIS\Device\ST\STM32F0xx\Source\Templates\arm\startup_stm32f072.s 0x00000000   Number         0  startup_stm32f072.o ABSOLUTE
    ..\00-STM32F0xx_STANDARD_PERIPHERAL_DRIVERS\STM32F0xx_StdPeriph_Driver\src\stm32f0xx_gpio.c 0x00000000   Number         0  stm32f0xx_gpio.o ABSOLUTE
    ..\00-STM32F0xx_STANDARD_PERIPHERAL_DRIVERS\STM32F0xx_StdPeriph_Driver\src\stm32f0xx_misc.c 0x00000000   Number         0  stm32f0xx_misc.o ABSOLUTE
    ..\00-STM32F0xx_STANDARD_PERIPHERAL_DRIVERS\STM32F0xx_StdPeriph_Driver\src\stm32f0xx_rcc.c 0x00000000   Number         0  stm32f0xx_rcc.o ABSOLUTE
    ..\\00-STM32F0xx_LIBRARIES\\tm_stm32f0_gpio.c 0x00000000   Number         0  tm_stm32f0_gpio.o ABSOLUTE
    ..\\00-STM32F0xx_STANDARD_PERIPHERAL_DRIVERS\\STM32F0xx_StdPeriph_Driver\\src\\stm32f0xx_gpio.c 0x00000000   Number         0  stm32f0xx_gpio.o ABSOLUTE
    ..\\00-STM32F0xx_STANDARD_PERIPHERAL_DRIVERS\\STM32F0xx_StdPeriph_Driver\\src\\stm32f0xx_misc.c 0x00000000   Number         0  stm32f0xx_misc.o ABSOLUTE
    ..\\00-STM32F0xx_STANDARD_PERIPHERAL_DRIVERS\\STM32F0xx_StdPeriph_Driver\\src\\stm32f0xx_rcc.c 0x00000000   Number         0  stm32f0xx_rcc.o ABSOLUTE
    User\\main.c                             0x00000000   Number         0  main.o ABSOLUTE
    User\\stm32f0xx_it.c                     0x00000000   Number         0  stm32f0xx_it.o ABSOLUTE
    User\\system_stm32f0xx.c                 0x00000000   Number         0  system_stm32f0xx.o ABSOLUTE
    User\main.c                              0x00000000   Number         0  main.o ABSOLUTE
    User\stm32f0xx_it.c                      0x00000000   Number         0  stm32f0xx_it.o ABSOLUTE
    User\system_stm32f0xx.c                  0x00000000   Number         0  system_stm32f0xx.o ABSOLUTE
    dc.s                                     0x00000000   Number         0  dc.o ABSOLUTE
    handlers.s                               0x00000000   Number         0  handlers.o ABSOLUTE
    init.s                                   0x00000000   Number         0  init.o ABSOLUTE
    RESET                                    0x08000000   Section      192  startup_stm32f072.o(RESET)
    .ARM.Collect$$$$00000000                 0x080000c0   Section        0  entry.o(.ARM.Collect$$$$00000000)
    .ARM.Collect$$$$00000001                 0x080000c0   Section        4  entry2.o(.ARM.Collect$$$$00000001)
    .ARM.Collect$$$$00000004                 0x080000c4   Section        4  entry5.o(.ARM.Collect$$$$00000004)
    .ARM.Collect$$$$00000008                 0x080000c8   Section        0  entry7b.o(.ARM.Collect$$$$00000008)
    .ARM.Collect$$$$0000000A                 0x080000c8   Section        0  entry8b.o(.ARM.Collect$$$$0000000A)
    .ARM.Collect$$$$0000000B                 0x080000c8   Section        8  entry9a.o(.ARM.Collect$$$$0000000B)
    .ARM.Collect$$$$0000000D                 0x080000d0   Section        0  entry10a.o(.ARM.Collect$$$$0000000D)
    .ARM.Collect$$$$0000000F                 0x080000d0   Section        0  entry11a.o(.ARM.Collect$$$$0000000F)
    .ARM.Collect$$$$00002712                 0x080000d0   Section        4  entry2.o(.ARM.Collect$$$$00002712)
    __lit__00000000                          0x080000d0   Data           4  entry2.o(.ARM.Collect$$$$00002712)
    .text                                    0x080000d4   Section       88  startup_stm32f072.o(.text)
    .text                                    0x0800012c   Section        0  main.o(.text)
    .text                                    0x08000134   Section        0  stm32f0xx_it.o(.text)
    .text                                    0x08000140   Section        0  system_stm32f0xx.o(.text)
    SetSysClock                              0x08000141   Thumb Code   206  system_stm32f0xx.o(.text)
    .text                                    0x08000338   Section        0  uidiv.o(.text)
    .text                                    0x08000364   Section       36  init.o(.text)
    i.__scatterload_copy                     0x08000388   Section       14  handlers.o(i.__scatterload_copy)
    i.__scatterload_null                     0x08000396   Section        2  handlers.o(i.__scatterload_null)
    i.__scatterload_zeroinit                 0x08000398   Section       14  handlers.o(i.__scatterload_zeroinit)
    .data                                    0x20000000   Section       20  system_stm32f0xx.o(.data)
    STACK                                    0x20000018   Section     1024  startup_stm32f072.o(STACK)

    Global Symbols

    Symbol Name                              Value     Ov Type        Size  Object(Section)

    BuildAttributes$$THM_ISAv3M$S$PE$A:L22$X:L11$S22$IEEE1$IW$USESV6$~STKCKD$USESV7$~SHL$OSPACE$EBA8$MICROLIB$REQ8$PRES8$EABIv2 0x00000000   Number         0  anon$$obj.o ABSOLUTE
    __ARM_use_no_argv                        0x00000000   Number         0  main.o ABSOLUTE
    __cpp_initialize__aeabi_                  - Undefined Weak Reference
    __cxa_finalize                            - Undefined Weak Reference
    __decompress                              - Undefined Weak Reference
    _clock_init                               - Undefined Weak Reference
    _microlib_exit                            - Undefined Weak Reference
    __Vectors_Size                           0x000000c0   Number         0  startup_stm32f072.o ABSOLUTE
    __Vectors                                0x08000000   Data           4  startup_stm32f072.o(RESET)
    __Vectors_End                            0x080000c0   Data           0  startup_stm32f072.o(RESET)
    __main                                   0x080000c1   Thumb Code     0  entry.o(.ARM.Collect$$$$00000000)
    _main_stk                                0x080000c1   Thumb Code     0  entry2.o(.ARM.Collect$$$$00000001)
    _main_scatterload                        0x080000c5   Thumb Code     0  entry5.o(.ARM.Collect$$$$00000004)
    __main_after_scatterload                 0x080000c9   Thumb Code     0  entry5.o(.ARM.Collect$$$$00000004)
    _main_clock                              0x080000c9   Thumb Code     0  entry7b.o(.ARM.Collect$$$$00000008)
    _main_cpp_init                           0x080000c9   Thumb Code     0  entry8b.o(.ARM.Collect$$$$0000000A)
    _main_init                               0x080000c9   Thumb Code     0  entry9a.o(.ARM.Collect$$$$0000000B)
    __rt_final_cpp                           0x080000d1   Thumb Code     0  entry10a.o(.ARM.Collect$$$$0000000D)
    __rt_final_exit                          0x080000d1   Thumb Code     0  entry11a.o(.ARM.Collect$$$$0000000F)
    Reset_Handler                            0x080000d5   Thumb Code    38  startup_stm32f072.o(.text)
    ADC1_COMP_IRQHandler                     0x08000105   Thumb Code     0  startup_stm32f072.o(.text)
    CEC_CAN_IRQHandler                       0x08000105   Thumb Code     0  startup_stm32f072.o(.text)
    DMA1_Channel1_IRQHandler                 0x08000105   Thumb Code     0  startup_stm32f072.o(.text)
    DMA1_Channel2_3_IRQHandler               0x08000105   Thumb Code     0  startup_stm32f072.o(.text)
    DMA1_Channel4_5_6_7_IRQHandler           0x08000105   Thumb Code     0  startup_stm32f072.o(.text)
    EXTI0_1_IRQHandler                       0x08000105   Thumb Code     0  startup_stm32f072.o(.text)
    EXTI2_3_IRQHandler                       0x08000105   Thumb Code     0  startup_stm32f072.o(.text)
    EXTI4_15_IRQHandler                      0x08000105   Thumb Code     0  startup_stm32f072.o(.text)
    FLASH_IRQHandler                         0x08000105   Thumb Code     0  startup_stm32f072.o(.text)
    I2C1_IRQHandler                          0x08000105   Thumb Code     0  startup_stm32f072.o(.text)
    I2C2_IRQHandler                          0x08000105   Thumb Code     0  startup_stm32f072.o(.text)
    PVD_VDDIO2_IRQHandler                    0x08000105   Thumb Code     0  startup_stm32f072.o(.text)
    RCC_CRS_IRQHandler                       0x08000105   Thumb Code     0  startup_stm32f072.o(.text)
    RTC_IRQHandler                           0x08000105   Thumb Code     0  startup_stm32f072.o(.text)
    SPI1_IRQHandler                          0x08000105   Thumb Code     0  startup_stm32f072.o(.text)
    SPI2_IRQHandler                          0x08000105   Thumb Code     0  startup_stm32f072.o(.text)
    TIM14_IRQHandler                         0x08000105   Thumb Code     0  startup_stm32f072.o(.text)
    TIM15_IRQHandler                         0x08000105   Thumb Code     0  startup_stm32f072.o(.text)
    TIM16_IRQHandler                         0x08000105   Thumb Code     0  startup_stm32f072.o(.text)
    TIM17_IRQHandler                         0x08000105   Thumb Code     0  startup_stm32f072.o(.text)
    TIM1_BRK_UP_TRG_COM_IRQHandler           0x08000105   Thumb Code     0  startup_stm32f072.o(.text)
    TIM1_CC_IRQHandler                       0x08000105   Thumb Code     0  startup_stm32f072.o(.text)
    TIM2_IRQHandler                          0x08000105   Thumb Code     0  startup_stm32f072.o(.text)
    TIM3_IRQHandler                          0x08000105   Thumb Code     0  startup_stm32f072.o(.text)
    TIM6_DAC_IRQHandler                      0x08000105   Thumb Code     0  startup_stm32f072.o(.text)
    TIM7_IRQHandler                          0x08000105   Thumb Code     0  startup_stm32f072.o(.text)
    TSC_IRQHandler                           0x08000105   Thumb Code     0  startup_stm32f072.o(.text)
    USART1_IRQHandler                        0x08000105   Thumb Code     0  startup_stm32f072.o(.text)
    USART2_IRQHandler                        0x08000105   Thumb Code     0  startup_stm32f072.o(.text)
    USART3_4_IRQHandler                      0x08000105   Thumb Code     0  startup_stm32f072.o(.text)
    USB_IRQHandler                           0x08000105   Thumb Code     0  startup_stm32f072.o(.text)
    WWDG_IRQHandler                          0x08000105   Thumb Code     0  startup_stm32f072.o(.text)
    main                                     0x0800012d   Thumb Code     8  main.o(.text)
    NMI_Handler                              0x08000135   Thumb Code     2  stm32f0xx_it.o(.text)
    HardFault_Handler                        0x08000137   Thumb Code     4  stm32f0xx_it.o(.text)
    SVC_Handler                              0x0800013b   Thumb Code     2  stm32f0xx_it.o(.text)
    PendSV_Handler                           0x0800013d   Thumb Code     2  stm32f0xx_it.o(.text)
    SysTick_Handler                          0x0800013f   Thumb Code     2  stm32f0xx_it.o(.text)
    SystemInit                               0x0800020f   Thumb Code   110  system_stm32f0xx.o(.text)
    SystemCoreClockUpdate                    0x0800027d   Thumb Code   154  system_stm32f0xx.o(.text)
    __aeabi_uidiv                            0x08000339   Thumb Code     0  uidiv.o(.text)
    __aeabi_uidivmod                         0x08000339   Thumb Code    44  uidiv.o(.text)
    __scatterload                            0x08000365   Thumb Code    28  init.o(.text)
    __scatterload_rt2                        0x08000365   Thumb Code     0  init.o(.text)
    __scatterload_copy                       0x08000389   Thumb Code    14  handlers.o(i.__scatterload_copy)
    __scatterload_null                       0x08000397   Thumb Code     2  handlers.o(i.__scatterload_null)
    __scatterload_zeroinit                   0x08000399   Thumb Code    14  handlers.o(i.__scatterload_zeroinit)
    Region$$Table$$Base                      0x080003a8   Number         0  anon$$obj.o(Region$$Table)
    Region$$Table$$Limit                     0x080003c8   Number         0  anon$$obj.o(Region$$Table)
    SystemCoreClock                          0x20000000   Data           4  system_stm32f0xx.o(.data)
    AHBPrescTable                            0x20000004   Data          16  system_stm32f0xx.o(.data)
    __initial_sp                             0x20000418   Data           0  startup_stm32f072.o(STACK)



==============================================================================

Memory Map of the image

  Image Entry point : 0x080000c1

  Load Region LR_IROM1 (Base: 0x08000000, Size: 0x000003dc, Max: 0x00010000, ABSOLUTE)

    Execution Region ER_IROM1 (Base: 0x08000000, Size: 0x000003c8, Max: 0x00010000, ABSOLUTE)

    Base Addr    Size         Type   Attr      Idx    E Section Name        Object

    0x08000000   0x000000c0   Data   RO            3    RESET               startup_stm32f072.o
    0x080000c0   0x00000000   Code   RO          289  * .ARM.Collect$$$$00000000  mc_p.l(entry.o)
    0x080000c0   0x00000004   Code   RO          294    .ARM.Collect$$$$00000001  mc_p.l(entry2.o)
    0x080000c4   0x00000004   Code   RO          297    .ARM.Collect$$$$00000004  mc_p.l(entry5.o)
    0x080000c8   0x00000000   Code   RO          299    .ARM.Collect$$$$00000008  mc_p.l(entry7b.o)
    0x080000c8   0x00000000   Code   RO          301    .ARM.Collect$$$$0000000A  mc_p.l(entry8b.o)
    0x080000c8   0x00000008   Code   RO          302    .ARM.Collect$$$$0000000B  mc_p.l(entry9a.o)
    0x080000d0   0x00000000   Code   RO          304    .ARM.Collect$$$$0000000D  mc_p.l(entry10a.o)
    0x080000d0   0x00000000   Code   RO          306    .ARM.Collect$$$$0000000F  mc_p.l(entry11a.o)
    0x080000d0   0x00000004   Code   RO          295    .ARM.Collect$$$$00002712  mc_p.l(entry2.o)
    0x080000d4   0x00000058   Code   RO            4    .text               startup_stm32f072.o
    0x0800012c   0x00000008   Code   RO          219    .text               main.o
    0x08000134   0x0000000c   Code   RO          242    .text               stm32f0xx_it.o
    0x08000140   0x000001f8   Code   RO          265    .text               system_stm32f0xx.o
    0x08000338   0x0000002c   Code   RO          292    .text               mc_p.l(uidiv.o)
    0x08000364   0x00000024   Code   RO          308    .text               mc_p.l(init.o)
    0x08000388   0x0000000e   Code   RO          312    i.__scatterload_copy  mc_p.l(handlers.o)
    0x08000396   0x00000002   Code   RO          313    i.__scatterload_null  mc_p.l(handlers.o)
    0x08000398   0x0000000e   Code   RO          314    i.__scatterload_zeroinit  mc_p.l(handlers.o)
    0x080003a6   0x00000002   PAD
    0x080003a8   0x00000020   Data   RO          310    Region$$Table       anon$$obj.o


    Execution Region RW_IRAM1 (Base: 0x20000000, Size: 0x00000418, Max: 0x00002000, ABSOLUTE)

    Base Addr    Size         Type   Attr      Idx    E Section Name        Object

    0x20000000   0x00000014   Data   RW          266    .data               system_stm32f0xx.o
    0x20000014   0x00000004   PAD
    0x20000018   0x00000400   Zero   RW            1    STACK               startup_stm32f072.o


==============================================================================

Image component sizes


      Code (inc. data)   RO Data    RW Data    ZI Data      Debug   Object Name

         8          0          0          0          0        463   main.o
        88         38        192          0       1024        876   startup_stm32f072.o
        12          0          0          0          0        835   stm32f0xx_it.o
         0          0          0          0          0       4504   stm32f0xx_misc.o
       504         34          0         20          0       1847   system_stm32f0xx.o

    ----------------------------------------------------------------------
       612         72        224         20       1028       8525   Object Totals
         0          0         32          0          0          0   (incl. Generated)
         0          0          0          0          4          0   (incl. Padding)

    ----------------------------------------------------------------------

      Code (inc. data)   RO Data    RW Data    ZI Data      Debug   Library Member Name

         0          0          0          0          0          0   entry.o
         0          0          0          0          0          0   entry10a.o
         0          0          0          0          0          0   entry11a.o
         8          4          0          0          0          0   entry2.o
         4          0          0          0          0          0   entry5.o
         0          0          0          0          0          0   entry7b.o
         0          0          0          0          0          0   entry8b.o
         8          4          0          0          0          0   entry9a.o
        30          0          0          0          0          0   handlers.o
        36          8          0          0          0         68   init.o
        44          0          0          0          0         72   uidiv.o

    ----------------------------------------------------------------------
       132         16          0          0          0        140   Library Totals
         2          0          0          0          0          0   (incl. Padding)

    ----------------------------------------------------------------------

      Code (inc. data)   RO Data    RW Data    ZI Data      Debug   Library Name

       130         16          0          0          0        140   mc_p.l

    ----------------------------------------------------------------------
       132         16          0          0          0        140   Library Totals

    ----------------------------------------------------------------------

==============================================================================


      Code (inc. data)   RO Data    RW Data    ZI Data      Debug   

       744         88        224         20       1028       8773   Grand Totals
       744         88        224         20       1028       8773   ELF Image Totals
       744         88        224         20          0          0   ROM Totals

==============================================================================

    Total RO  Size (Code + RO Data)                  968 (   0.95kB)
    Total RW  Size (RW Data + ZI Data)              1048 (   1.02kB)
    Total ROM Size (Code + RO Data + RW Data)        988 (   0.96kB)

==============================================================================

