<html>
<body>
<pre>
<h1>µVision Build Log</h1>
<h2>Tool Versions:</h2>
IDE-Version: µVision V5.14.0.0
Copyright (C) 2015 ARM Ltd and ARM Germany GmbH. All rights reserved.
License Information: Tilen Majerle, FE UNI LJ, LIC=P6F30-BFVI5-C1VPU-SS9YS-1HVEY-0E8VK
 
Tool Versions:
Toolchain:       MDK-ARM Professional  Version: 5.14.0.0
Toolchain Path:  C:\Keil_v5\ARM\ARMCC\Bin
C Compiler:      Armcc.exe V5.05 update 1 (build 106)
Assembler:       Armasm.exe V5.05 update 1 (build 106)
Linker/Locator:  ArmLink.exe V5.05 update 1 (build 106)
Library Manager: ArmAr.exe V5.05 update 1 (build 106)
Hex Converter:   FromElf.exe V5.05 update 1 (build 106)
CPU DLL:         SARMCM3.DLL V5.14.0.0
Dialog DLL:      DARMCM1.DLL V1.12.0.0
Target DLL:      STLink\ST-LINKIII-KEIL_SWO.dll V2.0.14.0_KEIL
Dialog DLL:      TARMCM1.DLL V1.9.0.0
 
<h2>Project:</h2>
C:\Users\tilz0R\Google Drive\JAVNO\ELEKTRONIKA\ARM\STM32F429\majerle.eu_F0\02-STM32F0xx_GPIO\project.uvprojx
Project File Date:  05/20/2015

<h2>Output:</h2>
Build target 'Nucleo-F091RC'
assembling startup_stm32f091.s...
compiling stm32f0xx_misc.c...
compiling stm32f0xx_gpio.c...
compiling stm32f0xx_rcc.c...
compiling tm_stm32f0_delay.c...
compiling tm_stm32f0_disco.c...
compiling tm_stm32f0_gpio.c...
compiling main.c...
compiling stm32f0xx_it.c...
compiling system_stm32f0xx.c...
linking...
Program Size: Code=1424 RO-data=220 RW-data=20 ZI-data=1028  
FromELF: creating hex file...
".\Targets\Nucleo_F091\project.axf" - 0 Error(s), 0 Warning(s).

<h2>Collection of Component include folders:</h2>
  C:\Users\tilz0R\Google Drive\JAVNO\ELEKTRONIKA\ARM\STM32F429\majerle.eu_F0\02-STM32F0xx_GPIO\RTE
  C:\Keil_v5\ARM\PACK\Keil\STM32F0xx_DFP\1.4.0\Device\Include

<h2>Collection of Component Files used:</h2>
</pre>
</body>
</html>
